The person is already registered.
The number of spots left: 1
The person is already registered.
The number of spots left: 1
Number of participants: 2
[Popescu Alex] Congratulations! Your spot at the event is confirmed. We are waiting for you!
The number of spots left: 0
Number of participants: 3
1. Full Name: Popescu Ion, Email: ipopescu@devmind.com, Phone Number: 0777111222
2. Full Name: Alex Ion, Email: aion@devmind.com, Phone Number: 0788222111
3. Full Name: Popescu Alex, Email: apopescu@devmind.com, Phone Number: 0799333222
Application is closing...
